// Jest Snapshot v1, https://goo.gl/fbAQLP

exports[`<AuthScene /> should render 1`] = `
<div
  className="authScene"
>
  <Component />
</div>
`;
